com/uniai/controller/UserController.class
com/uniai/model/Message$MessageBuilder.class
com/uniai/UniaiApplication.class
com/uniai/builder/ChatBuilder.class
com/uniai/builder/OAuthGoogleBuilder.class
com/uniai/dto/auth/AuthenticationResponseDto$AuthenticationResponseDtoBuilder.class
com/uniai/dto/auth/GoogleAuthUrlRequestDto$GoogleAuthUrlRequestDtoBuilder.class
com/uniai/dto/user/UpdateUserDto.class
com/uniai/exception/InvalidEmailOrPassword.class
com/uniai/model/VerifyCode$VerifyCodeBuilder.class
com/uniai/security/email/EmailProperties$Footer.class
com/uniai/repository/UserRepository.class
com/uniai/domain/VerificationCodeType.class
com/uniai/model/Message.class
com/uniai/exception/InvalidVerificationCodeException.class
com/uniai/security/config/SecurityConfig.class
com/uniai/dto/auth/AuthenticationResponseDto.class
com/uniai/dto/user/FeedbackRequest$FeedbackRequestBuilder.class
com/uniai/exception/ChatNotFoundException.class
com/uniai/dto/chat/ChatCreationResponseDto$ChatCreationResponseDtoBuilder.class
com/uniai/db/DevDataLoader.class
com/uniai/exception/EmailNotFoundException.class
com/uniai/dto/user/ChangePasswordDto.class
com/uniai/dto/auth/SignUpDto.class
com/uniai/model/Chat$ChatBuilder.class
com/uniai/dto/auth/SignInDto.class
com/uniai/security/jwt/JwtFilter.class
com/uniai/controller/ChatController$MessageResponse.class
com/uniai/dto/auth/MessageResponseDto$MessageResponseDtoBuilder.class
com/uniai/exception/InvalidTokenException.class
com/uniai/services/AuthService.class
com/uniai/dto/auth/GoogleAuthUrlRequestDto.class
com/uniai/security/email/EmailProperties.class
com/uniai/exception/GoogleAuthException.class
com/uniai/builder/AuthenticationResponseBuilder.class
com/uniai/exception/VerificationNeededException.class
com/uniai/dto/chat/SendMessageDto.class
com/uniai/exception/JsonProcessingException.class
com/uniai/dto/auth/VerifyDto.class
com/uniai/model/Feedback$FeedbackBuilder.class
com/uniai/controller/AuthController.class
com/uniai/controller/AuthController$MessageResponse.class
com/uniai/builder/FeedbackBuilder.class
com/uniai/repository/FeedbackRepository.class
com/uniai/dto/user/DeleteAccountDto.class
com/uniai/dto/auth/RequestPasswordDto.class
com/uniai/dto/user/EmailRequestDto.class
com/uniai/repository/ChatRepository.class
com/uniai/exception/UnauthorizedAccessException.class
com/uniai/dto/auth/VerifyDto$VerifyDtoBuilder.class
com/uniai/model/Chat.class
com/uniai/services/OAuthGoogleService.class
com/uniai/controller/AuthController$UrlResponse.class
com/uniai/controller/ChatController.class
com/uniai/model/User$UserBuilder.class
com/uniai/services/EmailService.class
com/uniai/model/Feedback.class
com/uniai/repository/VerifyCodeRepository.class
com/uniai/services/ChatService.class
com/uniai/dto/chat/ChatCreationResponseDto.class
com/uniai/builder/JwtSecurityBuilder.class
com/uniai/dto/user/FeedbackRequest.class
com/uniai/exception/InvalidMessageException.class
com/uniai/exception/FeedbackNotValidException.class
com/uniai/services/UserService.class
com/uniai/exeptionhandler/GlobalExceptionHandler.class
com/uniai/exception/AlreadyExistsException.class
com/uniai/model/VerifyCode.class
com/uniai/model/User.class
com/uniai/services/EmailService$1.class
com/uniai/security/email/EmailUtil.class
com/uniai/builder/EmailBuilder.class
com/uniai/dto/auth/MessageResponseDto.class
com/uniai/security/email/EmailProperties$EmailMessage.class
com/uniai/controller/AuthController$TokenResponse.class
com/uniai/security/jwt/JwtFacade.class
com/uniai/repository/MessageRepository.class
com/uniai/security/jwt/JwtUtil.class
com/uniai/dto/chat/SendMessageDto$SendMessageDtoBuilder.class
