/workspace/src/main/java/com/uniai/UniaiApplication.java
/workspace/src/main/java/com/uniai/builder/AuthenticationResponseBuilder.java
/workspace/src/main/java/com/uniai/builder/ChatBuilder.java
/workspace/src/main/java/com/uniai/builder/EmailBuilder.java
/workspace/src/main/java/com/uniai/builder/FeedbackBuilder.java
/workspace/src/main/java/com/uniai/builder/JwtSecurityBuilder.java
/workspace/src/main/java/com/uniai/builder/OAuthGoogleBuilder.java
/workspace/src/main/java/com/uniai/controller/AuthController.java
/workspace/src/main/java/com/uniai/controller/ChatController.java
/workspace/src/main/java/com/uniai/controller/UserController.java
/workspace/src/main/java/com/uniai/db/DevDataLoader.java
/workspace/src/main/java/com/uniai/domain/VerificationCodeType.java
/workspace/src/main/java/com/uniai/dto/auth/AuthenticationResponseDto.java
/workspace/src/main/java/com/uniai/dto/auth/GoogleAuthUrlRequestDto.java
/workspace/src/main/java/com/uniai/dto/auth/MessageResponseDto.java
/workspace/src/main/java/com/uniai/dto/auth/RequestPasswordDto.java
/workspace/src/main/java/com/uniai/dto/auth/SignInDto.java
/workspace/src/main/java/com/uniai/dto/auth/SignUpDto.java
/workspace/src/main/java/com/uniai/dto/auth/VerifyDto.java
/workspace/src/main/java/com/uniai/dto/chat/ChatCreationResponseDto.java
/workspace/src/main/java/com/uniai/dto/chat/SendMessageDto.java
/workspace/src/main/java/com/uniai/dto/user/ChangePasswordDto.java
/workspace/src/main/java/com/uniai/dto/user/DeleteAccountDto.java
/workspace/src/main/java/com/uniai/dto/user/EmailRequestDto.java
/workspace/src/main/java/com/uniai/dto/user/FeedbackRequest.java
/workspace/src/main/java/com/uniai/dto/user/UpdateUserDto.java
/workspace/src/main/java/com/uniai/exception/AlreadyExistsException.java
/workspace/src/main/java/com/uniai/exception/ChatNotFoundException.java
/workspace/src/main/java/com/uniai/exception/EmailNotFoundException.java
/workspace/src/main/java/com/uniai/exception/FeedbackNotValidException.java
/workspace/src/main/java/com/uniai/exception/GoogleAuthException.java
/workspace/src/main/java/com/uniai/exception/InvalidEmailOrPassword.java
/workspace/src/main/java/com/uniai/exception/InvalidMessageException.java
/workspace/src/main/java/com/uniai/exception/InvalidTokenException.java
/workspace/src/main/java/com/uniai/exception/InvalidVerificationCodeException.java
/workspace/src/main/java/com/uniai/exception/JsonProcessingException.java
/workspace/src/main/java/com/uniai/exception/UnauthorizedAccessException.java
/workspace/src/main/java/com/uniai/exception/VerificationNeededException.java
/workspace/src/main/java/com/uniai/exeptionhandler/GlobalExceptionHandler.java
/workspace/src/main/java/com/uniai/model/Chat.java
/workspace/src/main/java/com/uniai/model/Feedback.java
/workspace/src/main/java/com/uniai/model/Message.java
/workspace/src/main/java/com/uniai/model/User.java
/workspace/src/main/java/com/uniai/model/VerifyCode.java
/workspace/src/main/java/com/uniai/repository/ChatRepository.java
/workspace/src/main/java/com/uniai/repository/FeedbackRepository.java
/workspace/src/main/java/com/uniai/repository/MessageRepository.java
/workspace/src/main/java/com/uniai/repository/UserRepository.java
/workspace/src/main/java/com/uniai/repository/VerifyCodeRepository.java
/workspace/src/main/java/com/uniai/security/config/SecurityConfig.java
/workspace/src/main/java/com/uniai/security/email/EmailProperties.java
/workspace/src/main/java/com/uniai/security/email/EmailUtil.java
/workspace/src/main/java/com/uniai/security/jwt/JwtFacade.java
/workspace/src/main/java/com/uniai/security/jwt/JwtFilter.java
/workspace/src/main/java/com/uniai/security/jwt/JwtUtil.java
/workspace/src/main/java/com/uniai/services/AuthService.java
/workspace/src/main/java/com/uniai/services/ChatService.java
/workspace/src/main/java/com/uniai/services/EmailService.java
/workspace/src/main/java/com/uniai/services/OAuthGoogleService.java
/workspace/src/main/java/com/uniai/services/UserService.java
